// Jest Snapshot v1, https://goo.gl/fbAQLP

exports[`DetailEntry should render successfully 1`] = `
<DocumentFragment>
  <div
    class="py-1 sm:grid sm:grid-cols-3 sm:gap-4"
  >
    <dt
      class="font-medium text-gray-500 break-all"
    >
      A number
    </dt>
    <dd
      class="mt-1 text-gray-900 sm:mt-0 sm:col-span-2 break-all"
    >
      100
    </dd>
  </div>
</DocumentFragment>
`;
