// Jest Snapshot v1, https://goo.gl/fbAQLP

exports[`GraphStatistics should render successfully 1`] = `
<DocumentFragment>
  <div>
    <div
      class="grid grid-cols-2 sm:grid-cols-3 md:grid-cols-4"
    >
      <div
        class="p-4 py-8"
      >
        <div
          class="text-4xl font-bold text-center"
        >
          👤 759
        </div>
        <div
          class="mt-2 text-center"
        >
          People
        </div>
      </div>
      <div
        class="p-4 py-8"
      >
        <div
          class="text-4xl font-bold text-center"
        >
          🏭 1211
        </div>
        <div
          class="mt-2 text-center"
        >
          Organisations
        </div>
      </div>
      <div
        class="p-4 py-8"
      >
        <div
          class="text-4xl font-bold text-center"
        >
          🏢 30
        </div>
        <div
          class="mt-2 text-center"
        >
          DAX Members
        </div>
      </div>
      <div
        class="p-4 py-8"
      >
        <div
          class="text-4xl font-bold text-center"
        >
          💼 5107
        </div>
        <div
          class="mt-2 text-center"
        >
          Positions (Person employed at a Company)
        </div>
      </div>
      <div
        class="p-4 py-8"
      >
        <div
          class="text-4xl font-bold text-center"
        >
          🏫 338
        </div>
        <div
          class="mt-2 text-center"
        >
          Educational Institutions
        </div>
      </div>
      <div
        class="p-4 py-8"
      >
        <div
          class="text-4xl font-bold text-center"
        >
          🎓 1128
        </div>
        <div
          class="mt-2 text-center"
        >
          Alumni Associations (Person studied at a University)
        </div>
      </div>
      <div
        class="p-4 py-8"
      >
        <div
          class="text-4xl font-bold text-center"
        >
          🏙️ 291
        </div>
        <div
          class="mt-2 text-center"
        >
          Cities
        </div>
      </div>
      <div
        class="p-4 py-8"
      >
        <div
          class="text-4xl font-bold text-center"
        >
          📈 354
        </div>
        <div
          class="mt-2 text-center"
        >
          Dealings
        </div>
      </div>
    </div>
  </div>
</DocumentFragment>
`;
